---
source: src/database.rs
expression: json
snapshot_kind: text
---
[
  {
    "mac": "00:00:00:00:00:00",
    "when": [
      2001,
      31,
      0,
      0,
      0,
      0,
      0,
      0,
      0
    ],
    "value": {
      "type": "Activity",
      "data": {
        "steps": 11,
        "calories": 222.0,
        "distance": 88
      }
    }
  },
  {
    "mac": "00:00:00:00:00:00",
    "when": [
      2001,
      31,
      0,
      0,
      0,
      0,
      0,
      0,
      0
    ],
    "value": {
      "type": "HeartRate",
      "data": 90
    }
  },
  {
    "mac": "00:00:00:00:00:00",
    "when": [
      2001,
      31,
      0,
      0,
      0,
      0,
      0,
      0,
      0
    ],
    "value": {
      "type": "Oxygen",
      "data": 11
    }
  },
  {
    "mac": "00:00:00:00:00:00",
    "when": [
      2001,
      31,
      0,
      0,
      0,
      0,
      0,
      0,
      0
    ],
    "value": {
      "type": "Sleep",
      "data": 99
    }
  },
  {
    "mac": "00:00:00:00:00:00",
    "when": [
      2001,
      31,
      0,
      0,
      0,
      0,
      0,
      0,
      0
    ],
    "value": {
      "type": "Stress",
      "data": 0
    }
  }
]
